// Jest Snapshot v1, https://goo.gl/fbAQLP

exports[`<Footer /> matches snapshot 1`] = `
<footer
  className="site-footer"
>
  <div
    className="footer-container"
  >
    <div
      className="footer-top"
    >
      <div
        className="footer-desc-col"
      >
        <div
          className="language-menu"
        >
          <span>
            footer.language
          </span>
          <select
            onChange={[Function]}
          >
            <option
              value="english"
            >
              English
            </option>
            <option
              value="espanol"
            >
              Español
            </option>
            <option
              value="chinese"
            >
              中文
            </option>
          </select>
        </div>
        <p>
          footer.tax-exempt-status
        </p>
        <p>
          footer.mission-statement
        </p>
        <p>
          footer.donation-initiatives
        </p>
        <p
          className="footer-donation"
        >
          footer.donate-text
           
          <a
            className="inline"
            href="/donate"
          >
            footer.donate-link
          </a>
          .
        </p>
      </div>
      <div
        className="trending-guides"
      >
        <div
          className="col-header"
        >
          footer.trending-guides
        </div>
        <div
          className="trending-guides-row"
        >
          <div
            className="footer-col footer-col-1"
          >
            <a
              href="https://www.freecodecamp.org/news/git-clone-branch-how-to-clone-a-specific-branch/"
              rel="noopener noreferrer"
              target="_blank"
            >
              Git Clone
            </a>
            <a
              href="https://www.freecodecamp.org/news/agile-methods-and-methodology-for-beginners/"
              rel="noopener noreferrer"
              target="_blank"
            >
              Agile Methods
            </a>
            <a
              href="https://www.freecodecamp.org/news/if-name-main-python-example/"
              rel="noopener noreferrer"
              target="_blank"
            >
              Python Main
            </a>
            <a
              href="https://www.freecodecamp.org/news/javascript-callback-functions-what-are-callbacks-in-js-and-how-to-use-them/"
              rel="noopener noreferrer"
              target="_blank"
            >
              Callback
            </a>
            <a
              href="https://www.freecodecamp.org/news/debounce-javascript-tutorial-how-to-make-your-js-wait-up/"
              rel="noopener noreferrer"
              target="_blank"
            >
              Debounce
            </a>
            <a
              href="https://www.freecodecamp.org/news/javascript-url-encode-example-how-to-use-encodeuricomponent-and-encodeuri/"
              rel="noopener noreferrer"
              target="_blank"
            >
              URL Encode
            </a>
            <a
              href="https://www.freecodecamp.org/news/make-it-blink-html-tutorial-how-to-use-the-blink-tag-with-code-examples/"
              rel="noopener noreferrer"
              target="_blank"
            >
              Blink HTML
            </a>
            <a
              href="https://www.freecodecamp.org/news/python-returns-multiple-values-how-to-return-a-tuple-list-dictionary/"
              rel="noopener noreferrer"
              target="_blank"
            >
              Python Tuple
            </a>
            <a
              href="https://www.freecodecamp.org/news/javascript-array-insert-how-to-add-to-an-array-with-the-push-unshift-and-concat-functions/"
              rel="noopener noreferrer"
              target="_blank"
            >
              JavaScript Push
            </a>
            <a
              href="https://www.freecodecamp.org/news/java-list-tutorial-util-list-api-example/"
              rel="noopener noreferrer"
              target="_blank"
            >
              Java List
            </a>
          </div>
          <div
            className="footer-col footer-col-2"
          >
            <a
              href="https://www.freecodecamp.org/news/learn-ux-design-self-taught-user-experience-designer/"
              rel="noopener noreferrer"
              target="_blank"
            >
              UX
            </a>
            <a
              href="https://www.freecodecamp.org/news/what-is-design-thinking-an-introduction-to-the-design-process-for-entrepreneurs-and-developers/"
              rel="noopener noreferrer"
              target="_blank"
            >
              Design Thinking
            </a>
            <a
              href="https://www.freecodecamp.org/news/prime-numbers-list-chart-of-primes/"
              rel="noopener noreferrer"
              target="_blank"
            >
              Prime Number List
            </a>
            <a
              href="https://www.freecodecamp.org/news/product-design-explained-in-plain-english/"
              rel="noopener noreferrer"
              target="_blank"
            >
              Product Design
            </a>
            <a
              href="https://www.freecodecamp.org/news/what-is-digital-design-and-why-does-it-matter/"
              rel="noopener noreferrer"
              target="_blank"
            >
              Digital Design
            </a>
            <a
              href="https://www.freecodecamp.org/news/best-coding-games-online-adults-learn-to-code/"
              rel="noopener noreferrer"
              target="_blank"
            >
              Coding Games
            </a>
            <a
              href="https://www.freecodecamp.org/news/svm-machine-learning-tutorial-what-is-the-support-vector-machine-algorithm-explained-with-code-examples/"
              rel="noopener noreferrer"
              target="_blank"
            >
              SVM
            </a>
            <a
              href="https://www.freecodecamp.org/news/javascript-foreach-how-to-loop-through-an-array-in-js/"
              rel="noopener noreferrer"
              target="_blank"
            >
              JavaScript forEach
            </a>
            <a
              href="https://www.freecodecamp.org/news/google-bert-nlp-machine-learning-tutorial/"
              rel="noopener noreferrer"
              target="_blank"
            >
              Google BERT
            </a>
            <a
              href="https://www.freecodecamp.org/news/sql-create-table-statement-with-example-syntax/"
              rel="noopener noreferrer"
              target="_blank"
            >
              Create Table SQL
            </a>
          </div>
          <div
            className="footer-col footer-col-3"
          >
            <div
              className="footer-left"
            >
              <a
                href="https://www.freecodecamp.org/news/responsive-web-design-how-to-make-a-website-look-good-on-phones-and-tablets/"
                rel="noopener noreferrer"
                target="_blank"
              >
                Responsive Web Design
              </a>
              <a
                href="https://www.freecodecamp.org/news/svg-basics-what-are-scalable-vector-graphics-and-how-do-you-use-them/"
                rel="noopener noreferrer"
                target="_blank"
              >
                What Is an SVG File?
              </a>
              <a
                href="https://www.freecodecamp.org/news/pdf-password-remover-guide-how-to-remove-password-protection-from-a-pdf/"
                rel="noopener noreferrer"
                target="_blank"
              >
                PDF Password Remover
              </a>
              <a
                href="https://www.freecodecamp.org/news/what-is-a-pdf-file-and-how-do-you-open-it-solved/"
                rel="noopener noreferrer"
                target="_blank"
              >
                What Is a PDF?
              </a>
              <a
                href="https://www.freecodecamp.org/news/what-is-python-used-for-10-coding-uses-for-the-python-programming-language/"
                rel="noopener noreferrer"
                target="_blank"
              >
                What Is Python?
              </a>
            </div>
            <div
              className="footer-right"
            >
              <a
                href="https://www.freecodecamp.org/news/what-is-tls-transport-layer-security-encryption-explained-in-plain-english/"
                rel="noopener noreferrer"
                target="_blank"
              >
                What Is TLS?
              </a>
              <a
                href="https://www.freecodecamp.org/news/what-is-a-lan-local-area-network-explained-in-plain-english/"
                rel="noopener noreferrer"
                target="_blank"
              >
                What Is a LAN?
              </a>
              <a
                href="https://www.freecodecamp.org/news/what-is-npm-a-node-package-manager-tutorial-for-beginners/"
                rel="noopener noreferrer"
                target="_blank"
              >
                What Is npm?
              </a>
              <a
                href="https://www.freecodecamp.org/news/rsync-examples-rsync-options-and-how-to-copy-files-over-ssh/"
                rel="noopener noreferrer"
                target="_blank"
              >
                RSync Examples
              </a>
              <a
                href="https://www.freecodecamp.org/news/how-to-use-the-tree-based-algorithm-for-machine-learning/"
                rel="noopener noreferrer"
                target="_blank"
              >
                Random Forest
              </a>
            </div>
          </div>
        </div>
      </div>
    </div>
    <div
      className="footer-buttom"
    >
      <div
        className="col-header"
      >
        footer.our-nonprofit
      </div>
      <div
        className="footer-divder"
      />
      <div
        className="our-nonprofit"
      >
        <a
          href="https://www.freecodecamp.org/news/about/"
          rel="noopener noreferrer"
          target="_blank"
        >
          footer.links.about
        </a>
        <a
          href="https://www.linkedin.com/school/free-code-camp/people/"
          rel="noopener noreferrer"
          target="_blank"
        >
          footer.links.alumni
        </a>
        <a
          href="https://github.com/freeCodeCamp/"
          rel="noopener noreferrer"
          target="_blank"
        >
          footer.links.open-source
        </a>
        <a
          href="https://www.freecodecamp.org/shop/"
          rel="noopener noreferrer"
          target="_blank"
        >
          footer.links.shop
        </a>
        <a
          href="https://www.freecodecamp.org/news/support/"
          rel="noopener noreferrer"
          target="_blank"
        >
          footer.links.support
        </a>
        <a
          href="https://www.freecodecamp.org/news/sponsors/"
          rel="noopener noreferrer"
          target="_blank"
        >
          footer.links.sponsors
        </a>
        <a
          href="https://www.freecodecamp.org/news/academic-honesty-policy/"
          rel="noopener noreferrer"
          target="_blank"
        >
          footer.links.honesty
        </a>
        <a
          href="https://www.freecodecamp.org/news/code-of-conduct/"
          rel="noopener noreferrer"
          target="_blank"
        >
          footer.links.coc
        </a>
        <a
          href="https://www.freecodecamp.org/news/privacy-policy/"
          rel="noopener noreferrer"
          target="_blank"
        >
          footer.links.privacy
        </a>
        <a
          href="https://www.freecodecamp.org/news/terms-of-service/"
          rel="noopener noreferrer"
          target="_blank"
        >
          footer.links.tos
        </a>
        <a
          href="https://www.freecodecamp.org/news/copyright-policy/"
          rel="noopener noreferrer"
          target="_blank"
        >
          footer.links.copyright
        </a>
      </div>
    </div>
  </div>
</footer>
`;
