// Jest Snapshot v1, https://goo.gl/fbAQLP

exports[`createRedirects matches the snapshot 1`] = `
"#api redirect

/internal/*                                   https://api.example.com/internal/:splat 200

# auth redirects
/signin                                       https://api.example.com/signin 200
/signup                                       https://api.example.com/signin 200
/email-signin                                 https://api.example.com/signin 200
/login                                        https://api.example.com/signin 200
/deprecated-signin                            https://api.example.com/signin 200
/logout                                       https://api.example.com/signout 200
/passwordless-change                          https://api.example.com/confirm-email 200

# certification redirects
/:username/front-end-certification            /certification/:username/legacy-front-end 301
/:username/data-visualization-certification   /certification/:username/legacy-data-visualization 301
/:username/back-end-certification             /certification/:username/legacy-back-end 301
/:username/full-stack-certification           /certification/:username/full-stack 301

# unsunscribe redirects
/u/*                                          https://api.example.com/u/:splat 200
/unsunscribe/*                                https://api.example.com/unsunscribe/:splat 200
/ue/*                                         https://api.example.com/ue/:splat 200

# misc redirects
/agile                                        / 301
/chat                                         https://gitter.im/FreeCodeCamp/FreeCodeCamp 301
/twitch                                       https://twitch.tv/freecodecamp 301
/nonprofits-form                              / 301
/pmi-acp-agile-project-managers               / 301
/pmi-acp-agile-project-managers-form          / 301
/stories                                      / 301
/all-stories                                  / 301
/field-guide/*                                /forum 301
/learn-to-code                                /learn 200
/map                                          /learn 200
/news                                         https://news.example.com 200
/news/*                                       https://news.example.com/:splat 200
/forum/*                                      https://forum.example.com/:splat 200
/privacy                                      https://forum.example.com/t/free-code-camp-privacy-policy/19545 301
/nonprofit-project-instructions               https://forum.example.com/t/how-free-code-camps-nonprofits-projects-work/19547 301
/how-nonprofit-projects-work                  https://www.freecodecamp.org/news/open-source-for-good-1a0ea9f32d5a 301

"
`;
