// Jest Snapshot v1, https://goo.gl/fbAQLP

exports[`<SanitizedSpan /> matches the snapshot 1`] = `
<div>
  <span>
    some text 
    more 
    <wbr />
    text 
    <br />
     
  </span>
</div>
`;
