// Jest Snapshot v1, https://goo.gl/fbAQLP

exports[`<Block /> not expanded snapshot: block-not-expanded 1`] = `
<li
  className="block "
>
  <button
    aria-expanded={false}
    className="map-title"
    onClick={[Function]}
  >
    <Caret />
    <h4>
      Block A
    </h4>
    <div
      className="map-title-completed"
    >
      <span>
        <GreenNotCompleted
          style={
            Object {
              "height": "15px",
              "marginRight": "10px",
              "width": "15px",
            }
          }
        />
      </span>
      <span>
        2/4
      </span>
    </div>
  </button>
  <ul />
</li>
`;

exports[`<Block expanded snapshot: block-expanded 1`] = `
<li
  className="block open"
>
  <button
    aria-expanded={true}
    className="map-title"
    onClick={[Function]}
  >
    <Caret />
    <h4>
      Block A
    </h4>
    <div
      className="map-title-completed"
    >
      <span>
        <GreenNotCompleted
          style={
            Object {
              "height": "15px",
              "marginRight": "10px",
              "width": "15px",
            }
          }
        />
      </span>
      <span>
        2/4
      </span>
    </div>
  </button>
  <ul>
    <li
      className="map-challenge-title"
    >
      <span
        className="badge map-badge"
      />
      <Unknown
        onClick={[Function]}
        to="/super-block-one/block-a"
      >
        Introduction to Block A
      </Unknown>
    </li>
    <li
      className="map-challenge-title map-challenge-title-completed"
    >
      <span
        className="badge map-badge"
      >
        <GreenPass
          style={
            Object {
              "height": "15px",
              "marginRight": "10px",
              "width": "15px",
            }
          }
        />
      </span>
      <Unknown
        onClick={[Function]}
        to="/super-block-one/block-a/challenge-one"
      >
        Challenge One
      </Unknown>
    </li>
    <li
      className="map-challenge-title"
    >
      <span
        className="badge map-badge"
      >
        <GreenNotCompleted
          style={
            Object {
              "height": "15px",
              "marginRight": "10px",
              "width": "15px",
            }
          }
        />
      </span>
      <Unknown
        onClick={[Function]}
        to="/super-block-one/block-a/challenge-two"
      >
        Challenge Two
      </Unknown>
    </li>
    <li
      className="map-challenge-title"
    >
      <span
        className="badge map-badge"
      >
        <GreenNotCompleted
          style={
            Object {
              "height": "15px",
              "marginRight": "10px",
              "width": "15px",
            }
          }
        />
      </span>
      <Unknown
        onClick={[Function]}
        to="/super-block-one/block-a/challenge-one"
      >
        Challenge One
      </Unknown>
    </li>
    <li
      className="map-challenge-title map-challenge-title-completed"
    >
      <span
        className="badge map-badge"
      >
        <GreenPass
          style={
            Object {
              "height": "15px",
              "marginRight": "10px",
              "width": "15px",
            }
          }
        />
      </span>
      <Unknown
        onClick={[Function]}
        to="/super-block-one/block-a/challenge-two"
      >
        Challenge Two
      </Unknown>
    </li>
  </ul>
</li>
`;
