// Jest Snapshot v1, https://goo.gl/fbAQLP

exports[`<SuperBlock /> expanded snapshot: superBlock-expanded 1`] = `
<div>
  <li
    class="superblock open"
    id="super-block-one"
  >
    <button
      aria-expanded="true"
      class="map-title"
    >
      <svg
        viewBox="0 0 100 100"
        width="25px"
      >
        <polygon
          points="-6.04047,17.1511 81.8903,58.1985 -3.90024,104.196"
          style="stroke: var(--primary-color); fill: var(--primary-color); stroke-width: 1px;"
          transform="matrix(0.999729, 0.023281, -0.023281, 0.999729, 7.39321, -10.0425)"
        />
      </svg>
      <h4>
        Super Block One Certification (300 hours)
      </h4>
    </button>
    <ul>
      <li
        class="block "
      >
        <button
          aria-expanded="false"
          class="map-title"
        >
          <svg
            viewBox="0 0 100 100"
            width="25px"
          >
            <polygon
              points="-6.04047,17.1511 81.8903,58.1985 -3.90024,104.196"
              style="stroke: var(--primary-color); fill: var(--primary-color); stroke-width: 1px;"
              transform="matrix(0.999729, 0.023281, -0.023281, 0.999729, 7.39321, -10.0425)"
            />
          </svg>
          <h4>
            Block A
          </h4>
          <div
            class="map-title-completed"
          >
            <span>
              <span
                class="sr-only"
              >
                icons.not-passed
              </span>
              <svg
                height="50"
                style="height: 15px; margin-right: 10px; width: 15px;"
                viewBox="0 0 200 200"
                width="50"
                xmlns="http://www.w3.org/2000/svg"
              >
                <g>
                  <title>
                    icons.not-passed
                  </title>
                  <circle
                    cx="100"
                    cy="99"
                    fill="var(--primary-background)"
                    r="95"
                    stroke="var(--primary-color)"
                    stroke-dasharray="null"
                    stroke-linecap="null"
                    stroke-linejoin="null"
                    stroke-width="10"
                  />
                </g>
              </svg>
            </span>
            <span>
              0/2
            </span>
          </div>
        </button>
        <ul />
      </li>
      <li
        class="block "
      >
        <button
          aria-expanded="false"
          class="map-title"
        >
          <svg
            viewBox="0 0 100 100"
            width="25px"
          >
            <polygon
              points="-6.04047,17.1511 81.8903,58.1985 -3.90024,104.196"
              style="stroke: var(--primary-color); fill: var(--primary-color); stroke-width: 1px;"
              transform="matrix(0.999729, 0.023281, -0.023281, 0.999729, 7.39321, -10.0425)"
            />
          </svg>
          <h4>
            Block B
          </h4>
          <div
            class="map-title-completed"
          >
            <span>
              <span
                class="sr-only"
              >
                icons.not-passed
              </span>
              <svg
                height="50"
                style="height: 15px; margin-right: 10px; width: 15px;"
                viewBox="0 0 200 200"
                width="50"
                xmlns="http://www.w3.org/2000/svg"
              >
                <g>
                  <title>
                    icons.not-passed
                  </title>
                  <circle
                    cx="100"
                    cy="99"
                    fill="var(--primary-background)"
                    r="95"
                    stroke="var(--primary-color)"
                    stroke-dasharray="null"
                    stroke-linecap="null"
                    stroke-linejoin="null"
                    stroke-width="10"
                  />
                </g>
              </svg>
            </span>
            <span>
              0/2
            </span>
          </div>
        </button>
        <ul />
      </li>
      <li
        class="block "
      >
        <button
          aria-expanded="false"
          class="map-title"
        >
          <svg
            viewBox="0 0 100 100"
            width="25px"
          >
            <polygon
              points="-6.04047,17.1511 81.8903,58.1985 -3.90024,104.196"
              style="stroke: var(--primary-color); fill: var(--primary-color); stroke-width: 1px;"
              transform="matrix(0.999729, 0.023281, -0.023281, 0.999729, 7.39321, -10.0425)"
            />
          </svg>
          <h4>
            Block C
          </h4>
          <div
            class="map-title-completed"
          >
            <span>
              <span
                class="sr-only"
              >
                icons.not-passed
              </span>
              <svg
                height="50"
                style="height: 15px; margin-right: 10px; width: 15px;"
                viewBox="0 0 200 200"
                width="50"
                xmlns="http://www.w3.org/2000/svg"
              >
                <g>
                  <title>
                    icons.not-passed
                  </title>
                  <circle
                    cx="100"
                    cy="99"
                    fill="var(--primary-background)"
                    r="95"
                    stroke="var(--primary-color)"
                    stroke-dasharray="null"
                    stroke-linecap="null"
                    stroke-linejoin="null"
                    stroke-width="10"
                  />
                </g>
              </svg>
            </span>
            <span>
              0/1
            </span>
          </div>
        </button>
        <ul />
      </li>
    </ul>
  </li>
</div>
`;

exports[`<SuperBlock /> not expanded snapshot: superBlock-not-expanded 1`] = `
<div>
  <li
    class="superblock "
    id="super-block-one"
  >
    <button
      aria-expanded="false"
      class="map-title"
    >
      <svg
        viewBox="0 0 100 100"
        width="25px"
      >
        <polygon
          points="-6.04047,17.1511 81.8903,58.1985 -3.90024,104.196"
          style="stroke: var(--primary-color); fill: var(--primary-color); stroke-width: 1px;"
          transform="matrix(0.999729, 0.023281, -0.023281, 0.999729, 7.39321, -10.0425)"
        />
      </svg>
      <h4>
        Super Block One Certification (300 hours)
      </h4>
    </button>
  </li>
</div>
`;
