// Jest Snapshot v1, https://goo.gl/fbAQLP

exports[`<Map /> snapshot: Map 1`] = `
<div>
  <div
    class="map-ui"
    data-test-label="learn-curriculum-map"
  >
    <ul
      data-test-label="certifications"
    >
      <li>
        <a
          class="btn link-btn btn-lg"
          href="/learn/super-block-one/"
        >
          <div
            style="display: flex; justify-content: space-between; align-items: center;"
          >
            <div
              class="LazyLoad"
            />
          </div>
          <svg
            aria-hidden="true"
            fill="inherit"
            height="20px"
            version="1.1"
            viewBox="0 0 16 20"
            width="18px"
            xmlns="http://www.w3.org/2000/svg"
            xmlns:xlink="http://www.w3.org/1999/xlink"
          >
            <g>
              <polygon
                points="-2.68014473e-15 -1.06357708e-13 2.01917516 -1.06357708e-13 8.99824941 9.00746464 2.01917516 18.0149293 -2.66453526e-15 18.0149293 7.00955027 9"
              />
              <polygon
                points="7.99971435 -1.06357708e-13 10.0188895 -1.06357708e-13 16.9979638 9.00746464 10.0188895 18.0149293 7.99971435 18.0149293 15.0092646 9"
              />
            </g>
          </svg>
        </a>
      </li>
      <li>
        <a
          class="btn link-btn btn-lg"
          href="/learn/super-block-one/"
        >
          <div
            style="display: flex; justify-content: space-between; align-items: center;"
          >
            <div
              class="LazyLoad"
            />
          </div>
          <svg
            aria-hidden="true"
            fill="inherit"
            height="20px"
            version="1.1"
            viewBox="0 0 16 20"
            width="18px"
            xmlns="http://www.w3.org/2000/svg"
            xmlns:xlink="http://www.w3.org/1999/xlink"
          >
            <g>
              <polygon
                points="-2.68014473e-15 -1.06357708e-13 2.01917516 -1.06357708e-13 8.99824941 9.00746464 2.01917516 18.0149293 -2.66453526e-15 18.0149293 7.00955027 9"
              />
              <polygon
                points="7.99971435 -1.06357708e-13 10.0188895 -1.06357708e-13 16.9979638 9.00746464 10.0188895 18.0149293 7.99971435 18.0149293 15.0092646 9"
              />
            </g>
          </svg>
        </a>
      </li>
      <li>
        <a
          class="btn link-btn btn-lg"
          href="/learn/super-block-one/"
        >
          <div
            style="display: flex; justify-content: space-between; align-items: center;"
          >
            <div
              class="LazyLoad"
            />
          </div>
          <svg
            aria-hidden="true"
            fill="inherit"
            height="20px"
            version="1.1"
            viewBox="0 0 16 20"
            width="18px"
            xmlns="http://www.w3.org/2000/svg"
            xmlns:xlink="http://www.w3.org/1999/xlink"
          >
            <g>
              <polygon
                points="-2.68014473e-15 -1.06357708e-13 2.01917516 -1.06357708e-13 8.99824941 9.00746464 2.01917516 18.0149293 -2.66453526e-15 18.0149293 7.00955027 9"
              />
              <polygon
                points="7.99971435 -1.06357708e-13 10.0188895 -1.06357708e-13 16.9979638 9.00746464 10.0188895 18.0149293 7.99971435 18.0149293 15.0092646 9"
              />
            </g>
          </svg>
        </a>
      </li>
      <li>
        <a
          class="btn link-btn btn-lg"
          href="/learn/super-block-one/"
        >
          <div
            style="display: flex; justify-content: space-between; align-items: center;"
          >
            <div
              class="LazyLoad"
            />
          </div>
          <svg
            aria-hidden="true"
            fill="inherit"
            height="20px"
            version="1.1"
            viewBox="0 0 16 20"
            width="18px"
            xmlns="http://www.w3.org/2000/svg"
            xmlns:xlink="http://www.w3.org/1999/xlink"
          >
            <g>
              <polygon
                points="-2.68014473e-15 -1.06357708e-13 2.01917516 -1.06357708e-13 8.99824941 9.00746464 2.01917516 18.0149293 -2.66453526e-15 18.0149293 7.00955027 9"
              />
              <polygon
                points="7.99971435 -1.06357708e-13 10.0188895 -1.06357708e-13 16.9979638 9.00746464 10.0188895 18.0149293 7.99971435 18.0149293 15.0092646 9"
              />
            </g>
          </svg>
        </a>
      </li>
      <li>
        <a
          class="btn link-btn btn-lg"
          href="/learn/super-block-one/"
        >
          <div
            style="display: flex; justify-content: space-between; align-items: center;"
          >
            <div
              class="LazyLoad"
            />
          </div>
          <svg
            aria-hidden="true"
            fill="inherit"
            height="20px"
            version="1.1"
            viewBox="0 0 16 20"
            width="18px"
            xmlns="http://www.w3.org/2000/svg"
            xmlns:xlink="http://www.w3.org/1999/xlink"
          >
            <g>
              <polygon
                points="-2.68014473e-15 -1.06357708e-13 2.01917516 -1.06357708e-13 8.99824941 9.00746464 2.01917516 18.0149293 -2.66453526e-15 18.0149293 7.00955027 9"
              />
              <polygon
                points="7.99971435 -1.06357708e-13 10.0188895 -1.06357708e-13 16.9979638 9.00746464 10.0188895 18.0149293 7.99971435 18.0149293 15.0092646 9"
              />
            </g>
          </svg>
        </a>
      </li>
      <li>
        <a
          class="btn link-btn btn-lg"
          href="/learn/super-block-two/"
        >
          <div
            style="display: flex; justify-content: space-between; align-items: center;"
          >
            <div
              class="LazyLoad"
            />
          </div>
          <svg
            aria-hidden="true"
            fill="inherit"
            height="20px"
            version="1.1"
            viewBox="0 0 16 20"
            width="18px"
            xmlns="http://www.w3.org/2000/svg"
            xmlns:xlink="http://www.w3.org/1999/xlink"
          >
            <g>
              <polygon
                points="-2.68014473e-15 -1.06357708e-13 2.01917516 -1.06357708e-13 8.99824941 9.00746464 2.01917516 18.0149293 -2.66453526e-15 18.0149293 7.00955027 9"
              />
              <polygon
                points="7.99971435 -1.06357708e-13 10.0188895 -1.06357708e-13 16.9979638 9.00746464 10.0188895 18.0149293 7.99971435 18.0149293 15.0092646 9"
              />
            </g>
          </svg>
        </a>
      </li>
      <li>
        <a
          class="btn link-btn btn-lg"
          href="/learn/super-block-two/"
        >
          <div
            style="display: flex; justify-content: space-between; align-items: center;"
          >
            <div
              class="LazyLoad"
            />
          </div>
          <svg
            aria-hidden="true"
            fill="inherit"
            height="20px"
            version="1.1"
            viewBox="0 0 16 20"
            width="18px"
            xmlns="http://www.w3.org/2000/svg"
            xmlns:xlink="http://www.w3.org/1999/xlink"
          >
            <g>
              <polygon
                points="-2.68014473e-15 -1.06357708e-13 2.01917516 -1.06357708e-13 8.99824941 9.00746464 2.01917516 18.0149293 -2.66453526e-15 18.0149293 7.00955027 9"
              />
              <polygon
                points="7.99971435 -1.06357708e-13 10.0188895 -1.06357708e-13 16.9979638 9.00746464 10.0188895 18.0149293 7.99971435 18.0149293 15.0092646 9"
              />
            </g>
          </svg>
        </a>
      </li>
      <li>
        <a
          class="btn link-btn btn-lg"
          href="/learn/super-block-two/"
        >
          <div
            style="display: flex; justify-content: space-between; align-items: center;"
          >
            <div
              class="LazyLoad"
            />
          </div>
          <svg
            aria-hidden="true"
            fill="inherit"
            height="20px"
            version="1.1"
            viewBox="0 0 16 20"
            width="18px"
            xmlns="http://www.w3.org/2000/svg"
            xmlns:xlink="http://www.w3.org/1999/xlink"
          >
            <g>
              <polygon
                points="-2.68014473e-15 -1.06357708e-13 2.01917516 -1.06357708e-13 8.99824941 9.00746464 2.01917516 18.0149293 -2.66453526e-15 18.0149293 7.00955027 9"
              />
              <polygon
                points="7.99971435 -1.06357708e-13 10.0188895 -1.06357708e-13 16.9979638 9.00746464 10.0188895 18.0149293 7.99971435 18.0149293 15.0092646 9"
              />
            </g>
          </svg>
        </a>
      </li>
      <li>
        <a
          class="btn link-btn btn-lg"
          href="/learn/super-block-two/"
        >
          <div
            style="display: flex; justify-content: space-between; align-items: center;"
          >
            <div
              class="LazyLoad"
            />
          </div>
          <svg
            aria-hidden="true"
            fill="inherit"
            height="20px"
            version="1.1"
            viewBox="0 0 16 20"
            width="18px"
            xmlns="http://www.w3.org/2000/svg"
            xmlns:xlink="http://www.w3.org/1999/xlink"
          >
            <g>
              <polygon
                points="-2.68014473e-15 -1.06357708e-13 2.01917516 -1.06357708e-13 8.99824941 9.00746464 2.01917516 18.0149293 -2.66453526e-15 18.0149293 7.00955027 9"
              />
              <polygon
                points="7.99971435 -1.06357708e-13 10.0188895 -1.06357708e-13 16.9979638 9.00746464 10.0188895 18.0149293 7.99971435 18.0149293 15.0092646 9"
              />
            </g>
          </svg>
        </a>
      </li>
      <li>
        <a
          class="btn link-btn btn-lg"
          href="/learn/super-block-three/"
        >
          <div
            style="display: flex; justify-content: space-between; align-items: center;"
          >
            <div
              class="LazyLoad"
            />
          </div>
          <svg
            aria-hidden="true"
            fill="inherit"
            height="20px"
            version="1.1"
            viewBox="0 0 16 20"
            width="18px"
            xmlns="http://www.w3.org/2000/svg"
            xmlns:xlink="http://www.w3.org/1999/xlink"
          >
            <g>
              <polygon
                points="-2.68014473e-15 -1.06357708e-13 2.01917516 -1.06357708e-13 8.99824941 9.00746464 2.01917516 18.0149293 -2.66453526e-15 18.0149293 7.00955027 9"
              />
              <polygon
                points="7.99971435 -1.06357708e-13 10.0188895 -1.06357708e-13 16.9979638 9.00746464 10.0188895 18.0149293 7.99971435 18.0149293 15.0092646 9"
              />
            </g>
          </svg>
        </a>
      </li>
      <li>
        <a
          class="btn link-btn btn-lg"
          href="/learn/super-block-three/"
        >
          <div
            style="display: flex; justify-content: space-between; align-items: center;"
          >
            <div
              class="LazyLoad"
            />
          </div>
          <svg
            aria-hidden="true"
            fill="inherit"
            height="20px"
            version="1.1"
            viewBox="0 0 16 20"
            width="18px"
            xmlns="http://www.w3.org/2000/svg"
            xmlns:xlink="http://www.w3.org/1999/xlink"
          >
            <g>
              <polygon
                points="-2.68014473e-15 -1.06357708e-13 2.01917516 -1.06357708e-13 8.99824941 9.00746464 2.01917516 18.0149293 -2.66453526e-15 18.0149293 7.00955027 9"
              />
              <polygon
                points="7.99971435 -1.06357708e-13 10.0188895 -1.06357708e-13 16.9979638 9.00746464 10.0188895 18.0149293 7.99971435 18.0149293 15.0092646 9"
              />
            </g>
          </svg>
        </a>
      </li>
    </ul>
  </div>
</div>
`;
