// Jest Snapshot v1, https://goo.gl/fbAQLP

exports[`createPathMigrationMap output snapshot 1`] = `
Object {
  "challenge-eight": "/learn/super-block-a/block-two/challenge-eight",
  "challenge-eleven": "/learn/super-block-b/block-one/challenge-eleven",
  "challenge-five": "/learn/super-block-a/block-two/challenge-five",
  "challenge-four": "/learn/super-block-a/block-one/challenge-four",
  "challenge-one": "/learn/super-block-a/block-one/challenge-one",
  "challenge-seven": "/learn/super-block-a/block-two/challenge-seven",
  "challenge-six": "/learn/super-block-a/block-two/challenge-six",
  "challenge-ten": "/learn/super-block-b/block-one/challenge-ten",
  "challenge-three": "/learn/super-block-a/block-one/challenge-three",
  "challenge-twelve": "/learn/super-block-b/block-one/challenge-twelve",
  "challenge-two": "/learn/super-block-a/block-one/challenge-two",
}
`;
